
> client@0.0.0 build
> vite build

[36mvite v5.4.21 [32mbuilding for production...[36m[39m
transforming...
node.exe : Error: Cannot apply unknown utility class 
`bg-darker`. Are you using CSS modules or similar and 
missing `@reference`? https://tailwindcss.com/docs/functions-
and-directives#reference-directive
At C:\Users\HARSH\AppData\Roaming\npm\npm.ps1:24 char:5
+     & "node$exe"  
"$basedir/node_modules/npm/bin/npm-cli.js" $args
+     ~~~~~~~~~~~~~~~~~~~~~~~~~~~~~~~~~~~~~~~~~~~~~~~~~~~~~~~
~~~~~~~
    + CategoryInfo          : NotSpecified: (Error: Cannot a 
   ...rence-directive:String) [], RemoteException
    + FullyQualifiedErrorId : NativeCommandError
 
    at onInvalidCandidate (C:\Users\HARSH\Desktop\Ai C 
Compiler\client\node_modules\tailwindcss\dist\lib.js:21:1314)
    at Ee (C:\Users\HARSH\Desktop\Ai C Compiler\client\node_m
odules\tailwindcss\dist\lib.js:16:37066)
    at C:\Users\HARSH\Desktop\Ai C 
Compiler\client\node_modules\tailwindcss\dist\lib.js:21:355
    at Pr (C:\Users\HARSH\Desktop\Ai C 
Compiler\client\node_modules\tailwindcss\dist\lib.js:3:1733)
    at _ (C:\Users\HARSH\Desktop\Ai C 
Compiler\client\node_modules\tailwindcss\dist\lib.js:3:1377)
    at Te (C:\Users\HARSH\Desktop\Ai C 
Compiler\client\node_modules\tailwindcss\dist\lib.js:21:172)
    at pn (C:\Users\HARSH\Desktop\Ai C 
Compiler\client\node_modules\tailwindcss\dist\lib.js:38:294)
    at async dn (C:\Users\HARSH\Desktop\Ai C 
Compiler\client\node_modules\tailwindcss\dist\lib.js:38:631)
    at async Xr (C:\Users\HARSH\Desktop\Ai C Compiler\client\
node_modules\@tailwindcss\node\dist\index.js:10:3417)
    at async N (C:\Users\HARSH\Desktop\Ai C Compiler\client\n
ode_modules\@tailwindcss\postcss\dist\index.js:10:3979)
[32mΓ£ô[39m 4 modules transformed.
[31mx[39m Build failed in 1.78s
[31merror during build:
[31m[vite:css] [postcss] tailwindcss: 
C:/Users/HARSH/Desktop/Ai C 
Compiler/client/src/index.css:1:1: Cannot apply unknown 
utility class `bg-darker`. Are you using CSS modules or 
similar and missing `@reference`? https://tailwindcss.com/doc
s/functions-and-directives#reference-directive[31m
file: [36mC:/Users/HARSH/Desktop/Ai C 
Compiler/client/src/index.css:1:0[31m
    at Input.error (C:\Users\HARSH\Desktop\Ai C 
Compiler\client\node_modules\postcss\lib\input.js:135:16)
    at Root.error (C:\Users\HARSH\Desktop\Ai C 
Compiler\client\node_modules\postcss\lib\node.js:146:32)
    at Object.Once (C:\Users\HARSH\Desktop\Ai C Compiler\clie
nt\node_modules\@tailwindcss\postcss\dist\index.js:10:6913)
    at async LazyResult.runAsync (C:\Users\HARSH\Desktop\Ai 
C Compiler\client\node_modules\postcss\lib\lazy-result.js:293
:11)
    at async compileCSS (file:///C:/Users/HARSH/Desktop/Ai%20
C%20Compiler/client/node_modules/vite/dist/node/chunks/dep-BK
3b2jBa.js:36898:21)
    at async Object.transform (file:///C:/Users/HARSH/Desktop
/Ai%20C%20Compiler/client/node_modules/vite/dist/node/chunks/
dep-BK3b2jBa.js:36171:11)
    at async transform (file:///C:/Users/HARSH/Desktop/Ai%20C
%20Compiler/client/node_modules/rollup/dist/es/shared/node-en
try.js:21269:16)
    at async ModuleLoader.addModuleSource (file:///C:/Users/H
ARSH/Desktop/Ai%20C%20Compiler/client/node_modules/rollup/dis
t/es/shared/node-entry.js:21497:36)[39m
